Resource Usage Report for FrameRD 

Mapping to part: mpf100tfcg484-1
Cell usage:
AND2            1 use
CLKINT          2 uses
DFN1            1 use
OR2             9 uses
OR4             64 uses
CFG1           7 uses
CFG2           105 uses
CFG3           151 uses
CFG4           230 uses

Carry cells:
ARI1            212 uses - used for arithmetic functions
ARI1            5 uses - used for Wide-Mux implementation
Total ARI1      217 uses


Sequential Cells: 
SLE            579 uses

DSP Blocks:    0 of 336 (0%)

I/O ports: 20
I/O primitives: 20
INBUF          4 uses
OUTBUF         13 uses
TRIBUFF        3 uses


Global Clock Buffers: 2

Total LUTs:    710

Extra resources required for RAM and MACC_PA interface logic during P&R:

RAM64X12 Interface Logic : SLEs = 0; LUTs = 0;
RAM1K20  Interface Logic : SLEs = 936; LUTs = 936;
MACC_PA     Interface Logic : SLEs = 0; LUTs = 0;
MACC_PA_BC_ROM     Interface Logic : SLEs = 0; LUTs = 0;

Total number of SLEs after P&R:  579 + 0 + 936 + 0 = 1515;
Total number of LUTs after P&R:  710 + 0 + 936 + 0 = 1646;

