
Copyright (C) 1994-2023 Synopsys, Inc.
This Synopsys software and all associated documentation are proprietary to Synopsys, Inc.
and may only be used pursuant to the terms and conditions of a written license agreement
with Synopsys, Inc. All other use, reproduction, modification, or distribution of the
Synopsys software or the associated documentation is strictly prohibited.
Tool: Synplify Pro (R)
Build: V-2023.09M-5
Install: C:\Microchip\Libero_SoC_2025.1\Libero_SoC\Synplify_Pro
OS: Windows 10 or later
Hostname: DESKTOP-8FMOK3J

Implementation : synthesis

# Written on Tue Jan 27 22:09:47 2026

##### FILES SYNTAX CHECKED ##############################################
Constraint File(s):      "C:\prj\FrameReader\designer\FrameRD\synthesis.fdc"

#Run constraint checker to find more issues with constraints.
#########################################################################



No issues found in constraint syntax.



Clock Summary
*************

          Start      Requested     Requested     Clock        Clock                Clock
Level     Clock      Frequency     Period        Type         Group                Load 
----------------------------------------------------------------------------------------
0 -       ddrclk     200.0 MHz     5.000         declared     default_clkgroup     1486 
                                                                                        
0 -       pixclk     148.5 MHz     6.734         declared     default_clkgroup     202  
========================================================================================


Clock Load Summary
******************

           Clock     Source                Clock Pin                                                                                                  Non-clock Pin     Non-clock Pin
Clock      Load      Pin                   Seq Example                                                                                                Seq Example       Comb Example 
-------------------------------------------------------------------------------------------------------------------------------------------------------------------------------------
ddrclk     1486      ddr_clk_i(port)       PF_SRAM_AHBL_AXI_C0_0.PF_TPSRAM_AHB_AXI_0.PF_SRAM_AHBL_AXI_C0_PF_TPSRAM_AHB_AXI_0_PF_TPSRAM_R0C0.B_CLK     -                 I_1.A(CLKINT)
                                                                                                                                                                                     
pixclk     202       pixel_clk_i(port)     DFN1_0.CLK                                                                                                 -                 I_3.A(CLKINT)
=====================================================================================================================================================================================
