{
"Synplify Pro (R) Job Log" : {
	"Date" : "22:09:55    27-Jan-2026",
	"Working Directory" : "C:/prj/FrameReader/synthesis",
	"Install" : "C:/Microchip/Libero_SoC_2025.1/Libero_SoC/Synplify_Pro"
},
"synthesis" :{
   "Job Flow" : "Sequential",
   "Start Time" : "22:09:28",
   "Runtime" : "27s",
   "Executable Run Time" : "26s",
   "synthesis" : {
      "Job Flow" : "Sequential",
      "Start Time" : "22:09:28",
      "Runtime" : "27s",
      "Executable Run Time" : "26s",
      "compile" : {
         "Job Flow" : "Sequential",
         "Start Time" : "22:09:28",
         "Runtime" : "21s",
         "Executable Run Time" : "20s",
         "compile_flow" : {
            "Job Flow" : "Sequential",
            "Start Time" : "22:09:28",
            "Runtime" : "18s",
            "Executable Run Time" : "17s",
            "compiler" : {
               "executable" : "bin64/c_hdl.exe",
               "Run Directory" : "C:/prj/FrameReader/synthesis",
               "Run State" : "Complete",
               "Return Code" : "0",
               "Has Errors" : "no",
               "Run Start Time" : "22:09:28",
               "Run Time" : "17s",
               "Exe Run Time" : "16s",
               "Memory Usage" : "-",
               "Up-to-date (run skipped)" : "no"
            },
            "multi_srs_gen" : {
               "executable" : "bin64/syn_nfilter.exe",
               "Run Directory" : "C:/prj/FrameReader/synthesis",
               "Run State" : "Complete",
               "Return Code" : "0",
               "Has Errors" : "no",
               "Run Start Time" : "22:09:45",
               "Run Time" : "01s",
               "Exe Run Time" : "01s",
               "Memory Usage" : "-",
               "Up-to-date (run skipped)" : "no"
            }
         },
         "premap" : {
            "executable" : "bin64/m_generic.exe",
            "Run Directory" : "C:/prj/FrameReader/synthesis",
            "Run State" : "Complete",
            "Return Code" : "1",
            "Has Errors" : "no",
            "Run Start Time" : "22:09:46",
            "Run Time" : "03s",
            "Exe Run Time" : "03s",
            "Memory Usage" : "-",
            "Up-to-date (run skipped)" : "no"
         }
      },
      "map" : {
         "Job Flow" : "Sequential",
         "Start Time" : "22:09:49",
         "Runtime" : "06s",
         "Executable Run Time" : "06s",
         "fpga_mapper" : {
            "executable" : "bin64/m_generic.exe",
            "Run Directory" : "C:/prj/FrameReader/synthesis",
            "Run State" : "Complete",
            "Return Code" : "1",
            "Has Errors" : "no",
            "Run Start Time" : "22:09:49",
            "Run Time" : "06s",
            "Exe Run Time" : "06s",
            "Memory Usage" : "-",
            "Up-to-date (run skipped)" : "no"
         }
      }
   }
}
}