
                               Synplify Pro (R) 

                 Version V-2023.09M-5 for win64 - Apr 29, 2025 

                    Copyright (c) 1988 - 2025 Synopsys, Inc.
   This software and the associated documentation are proprietary to Synopsys,
 Inc. This software may only be used in accordance with the terms and conditions
 of a written license agreement with Synopsys, Inc. All other use, reproduction,
   or distribution of this software is strictly prohibited.  Licensed Products
     communicate with Synopsys servers for the purpose of providing software
    updates, detecting software piracy and verifying that customers are using
    Licensed Products in conformity with the applicable License Key for such
  Licensed Products. Synopsys will use information gathered in connection with
    this process to deliver software updates and pursue software pirates and
                                   infringers.

 Inclusivity & Diversity - Visit SolvNetPlus to read the "Synopsys Statement on
            Inclusivity and Diversity" (Refer to article 000036315 at
                        https://solvnetplus.synopsys.com)

Starting:    C:\Microchip\Libero_SoC_2025.1\Libero_SoC\Synplify_Pro\bin64\mbin\synbatch.exe
Install:     C:\Microchip\Libero_SoC_2025.1\Libero_SoC\Synplify_Pro
Hostname:    DESKTOP-8FMOK3J
Date:        Tue Jan 27 22:09:27 2026
Version:     V-2023.09M-5

Arguments:   -product synplify_base -licensetype synplifypro_actel -batch -log synplify.log FrameRD_syn.tcl
ProductType: synplify_pro

License checkout: synplifypro_actel
License: synplifypro_actel node-locked 
Licensed Vendor: actel
License Option: actel_oem

Running in Vendor Mode


add_dut_hierarchy is not supported in current product.
prepare_readback is not supported in current product.
auto_infer_blackbox is not supported in current product.
log file: "C:\prj\FrameReader\synthesis\FrameRD.srr"
Running: synthesis in foreground

Running FrameRD_syn|synthesis

Running Flow: compile (Compile) on FrameRD_syn|synthesis
# Tue Jan 27 22:09:28 2026

Running Flow: compile_flow (Compile Process) on FrameRD_syn|synthesis
# Tue Jan 27 22:09:28 2026

Running: compiler (Compile Input) on FrameRD_syn|synthesis
# Tue Jan 27 22:09:28 2026
Copied C:\prj\FrameReader\synthesis\synwork\FrameRD_comp.srs to C:\prj\FrameReader\synthesis\FrameRD.srs

compiler completed
# Tue Jan 27 22:09:45 2026

Return Code: 0
Run Time:00h:00m:16s

Running: multi_srs_gen (Multi-srs Generator) on FrameRD_syn|synthesis
# Tue Jan 27 22:09:45 2026

multi_srs_gen completed
# Tue Jan 27 22:09:46 2026

Return Code: 0
Run Time:00h:00m:01s
Copied C:\prj\FrameReader\synthesis\synwork\FrameRD_mult.srs to C:\prj\FrameReader\synthesis\FrameRD.srs
Complete: Compile Process on FrameRD_syn|synthesis

Running: premap (Premap) on FrameRD_syn|synthesis
# Tue Jan 27 22:09:46 2026

premap completed with warnings
# Tue Jan 27 22:09:49 2026

Return Code: 1
Run Time:00h:00m:03s
Complete: Compile on FrameRD_syn|synthesis

Running Flow: map (Map) on FrameRD_syn|synthesis
# Tue Jan 27 22:09:49 2026
License granted for 4 parallel jobs

Running: fpga_mapper (Map & Optimize) on FrameRD_syn|synthesis
# Tue Jan 27 22:09:49 2026
Copied C:\prj\FrameReader\synthesis\synwork\FrameRD_m.srm to C:\prj\FrameReader\synthesis\FrameRD.srm

fpga_mapper completed with warnings
# Tue Jan 27 22:09:55 2026

Return Code: 1
Run Time:00h:00m:06s
Complete: Map on FrameRD_syn|synthesis
Complete: Logic Synthesis on FrameRD_syn|synthesis
TCL script complete: "FrameRD_syn.tcl"
exit status=0
exit status=0
License checkin: synplifypro_actel
