Compile Report
Microchip Technology Inc. - Microchip Libero Software Release 2025.1 (Version 2025.1.0.14)
Date: Tue Jan 27 22:10:09 2026

Device Selection
+------------------------+-------------+
| Family                 | PolarFire   |
| Device                 | MPF100T     |
| Package                | FCSG325     |
| Speed Grade            | -1          |
| Core Voltage           | 1.0V        |
| Part Range             | IND         |
| Default I/O technology | LVCMOS 1.8V |
+------------------------+-------------+

Source Files
+---------+-----------------------------------------+
| Topcell | FrameRD                                 |
| Format  | Verilog                                 |
| Source  | C:\prj\FrameReader\synthesis\FrameRD.vm |
+---------+-----------------------------------------+

Options
+----------------------------------------------------+----+
| Limit the number of high fanout nets to display to | 10 |
+----------------------------------------------------+----+

Resource Usage
+-----------------------------+------+--------+------------+
| Type                        | Used | Total  | Percentage |
+-----------------------------+------+--------+------------+
| 4LUT                        | 1721 | 108600 | 1.58       |
| DFF                         | 1516 | 108600 | 1.40       |
| User I/O                    | 20   | 170    | 11.76      |
| -- Single-ended I/O         | 20   | 170    | 11.76      |
| -- Differential I/O Pairs   | 0    | 85     | 0.00       |
| -- I/Os using I/O Registers | 0    | 170    | 0.00       |
| I/O Register Flip-Flops     | 0    | 510    | 0.00       |
| -- Input  I/O Flip-Flops    | 0    | 170    | 0.00       |
| -- Output I/O Flip-Flops    | 0    | 170    | 0.00       |
| -- Enable I/O Flip-Flops    | 0    | 170    | 0.00       |
| uSRAM                       | 0    | 1008   | 0.00       |
| LSRAM                       | 26   | 352    | 7.39       |
| Math                        | 0    | 336    | 0.00       |
| H-Chip Global               | 2    | 48     | 4.17       |
| PLL                         | 0    | 8      | 0.00       |
| DLL                         | 0    | 8      | 0.00       |
| Transceiver Lanes           | 0    | 4      | 0.00       |
| Transceiver PCIe            | 0    | 2      | 0.00       |
+-----------------------------+------+--------+------------+

Detailed Logic Resource Usage
+-----------------------+------+------+
| Type                  | 4LUT | DFF  |
+-----------------------+------+------+
| Fabric Logic          | 785  | 580  |
| uSRAM Interface Logic | 0    | 0    |
| LSRAM Interface Logic | 936  | 936  |
| Math Interface Logic  | 0    | 0    |
| Total Used            | 1721 | 1516 |
+-----------------------+------+------+

Detailed Carry Chains Resource Usage
+--------+------+
| Length | Used |
| 9      | 2    |
| 11     | 1    |
| 12     | 3    |
| 13     | 1    |
| 14     | 1    |
| 16     | 2    |
| 17     | 4    |
| 20     | 1    |
| Total  | 15   |
+--------+------+

Detailed 4LUT Groups Resource Usage
+--------+------+
| Length | Used |
| 5      | 1    |
| Total  | 1    |
+--------+------+

I/O Function
+-------------------------------+--------------+-------------+-----------------+
| Type                          | w/o register | w/ register | w/ DDR register |
+-------------------------------+--------------+-------------+-----------------+
| Input I/O                     | 4            | 0           | 0               |
| Output I/O                    | 16           | 0           | 0               |
| Bidirectional I/O             | 0            | 0           | 0               |
| Differential Input I/O Pairs  | 0            | 0           | 0               |
| Differential Output I/O Pairs | 0            | 0           | 0               |
+-------------------------------+--------------+-------------+-----------------+

Nets assigned to chip global resources
+--------+---------+---------------------+
| Fanout | Type    | Name                |
+--------+---------+---------------------+
| 458    | INT_NET | Net   : NN_1        |
|        |         | Driver: I_1/U0_RGB1 |
|        |         | Source: NETLIST     |
| 174    | INT_NET | Net   : NN_2        |
|        |         | Driver: I_3/U0_RGB1 |
|        |         | Source: NETLIST     |
+--------+---------+---------------------+

Nets assigned to row global resources
+--------+------+------+
| Fanout | Type | Name |
+--------+------+------+
+--------+------+------+

High fanout nets
+--------+---------+---------------------------------------------------------------------------------------------------------------------------------------------------+
| Fanout | Type    | Name                                                                                                                                              |
+--------+---------+---------------------------------------------------------------------------------------------------------------------------------------------------+
| 566    | INT_NET | Net   : rstn_i_c                                                                                                                                  |
|        |         | Driver: rstn_i_ibuf                                                                                                                               |
| 128    | INT_NET | Net   : PF_SRAM_AHBL_AXI_C0_0/COREAXI4SRAM_0/genblk1.U_PF_SRAM_AHBL_AXI_C0_COREAXI4SRAM_0_CoreAXI4SRAM_MAINCTRL/rdata_mc3                         |
|        |         | Driver: PF_SRAM_AHBL_AXI_C0_0/COREAXI4SRAM_0/genblk1.U_PF_SRAM_AHBL_AXI_C0_COREAXI4SRAM_0_CoreAXI4SRAM_MAINCTRL/genblk2.genblk1.rdata_mc3         |
| 65     | INT_NET | Net   : PF_SRAM_AHBL_AXI_C0_0/COREAXI4SRAM_0/genblk1.U_PF_SRAM_AHBL_AXI_C0_COREAXI4SRAM_0_CoreAXI4SRAM_MAINCTRL/rdata_mc_reg1_sel                 |
|        |         | Driver: PF_SRAM_AHBL_AXI_C0_0/COREAXI4SRAM_0/genblk1.U_PF_SRAM_AHBL_AXI_C0_COREAXI4SRAM_0_CoreAXI4SRAM_MAINCTRL/genblk2.genblk1.rdata_mc_reg1_sel |
| 64     | INT_NET | Net   : PF_SRAM_AHBL_AXI_C0_0/COREAXI4SRAM_0/genblk1.U_PF_SRAM_AHBL_AXI_C0_COREAXI4SRAM_0_CoreAXI4SRAM_MAINCTRL/rdata_mc_reg1_en6                 |
|        |         | Driver: PF_SRAM_AHBL_AXI_C0_0/COREAXI4SRAM_0/genblk1.U_PF_SRAM_AHBL_AXI_C0_COREAXI4SRAM_0_CoreAXI4SRAM_MAINCTRL/genblk2.genblk1.rdata_mc_reg1_en6 |
| 64     | INT_NET | Net   : PF_SRAM_AHBL_AXI_C0_0/COREAXI4SRAM_0/genblk1.U_PF_SRAM_AHBL_AXI_C0_COREAXI4SRAM_0_CoreAXI4SRAM_MAINCTRL/rdata_mc_reg2_en6                 |
|        |         | Driver: PF_SRAM_AHBL_AXI_C0_0/COREAXI4SRAM_0/genblk1.U_PF_SRAM_AHBL_AXI_C0_COREAXI4SRAM_0_CoreAXI4SRAM_MAINCTRL/genblk2.genblk1.rdata_mc_reg2_en6 |
| 63     | INT_NET | Net   : DDR_Read_0/genblk1.DDR_Read_Native_6/DDR_read_controller_0/s_state_Z[1]                                                                   |
|        |         | Driver: DDR_Read_0/genblk1.DDR_Read_Native_6/DDR_read_controller_0/s_state[1]                                                                     |
| 50     | INT_NET | Net   : DDR_Read_0/genblk1.DDR_Read_Native_6/DDR_READ_ASYMM_FIFO_0/empty_r_RNI924H7_Y                                                             |
|        |         | Driver: DDR_Read_0/genblk1.DDR_Read_Native_6/DDR_READ_ASYMM_FIFO_0/genblk16.U_corefifo_async/genblk10.empty_r_RNI924H7                            |
| 43     | INT_NET | Net   : DDR_Read_0/genblk1.DDR_Read_Native_6/DDR_READ_ASYMM_FIFO_0/wrcnt_r_RNIR9KB8_Y[12]                                                         |
|        |         | Driver: DDR_Read_0/genblk1.DDR_Read_Native_6/DDR_READ_ASYMM_FIFO_0/genblk16.U_corefifo_async/genblk10.wrcnt_r_RNIR9KB8[12]                        |
| 27     | INT_NET | Net   : genblk2.un1_ARVALID_slvif_0_a2                                                                                                            |
|        |         | Driver: PF_SRAM_AHBL_AXI_C0_0/COREAXI4SRAM_0/genblk1.U_PF_SRAM_AHBL_AXI_C0_COREAXI4SRAM_0_CoreAXI4SRAM_MAINCTRL/genblk2.un1_ARVALID_slvif_0_a2    |
| 27     | INT_NET | Net   : Display_Controller_C0_0/MSC_i_0/MSC_i_1/MSC_net_64                                                                                        |
|        |         | Driver: Display_Controller_C0_0/MSC_i_0/MSC_i_1/r_RSTN                                                                                            |
+--------+---------+---------------------------------------------------------------------------------------------------------------------------------------------------+

High fanout nets (through buffer trees)
+--------+---------+---------------------------------------------------------------------------------------------------------------------------------------------------+
| Fanout | Type    | Name                                                                                                                                              |
+--------+---------+---------------------------------------------------------------------------------------------------------------------------------------------------+
| 566    | INT_NET | Net   : rstn_i_c                                                                                                                                  |
|        |         | Driver: rstn_i_ibuf                                                                                                                               |
| 128    | INT_NET | Net   : PF_SRAM_AHBL_AXI_C0_0/COREAXI4SRAM_0/genblk1.U_PF_SRAM_AHBL_AXI_C0_COREAXI4SRAM_0_CoreAXI4SRAM_MAINCTRL/rdata_mc3                         |
|        |         | Driver: PF_SRAM_AHBL_AXI_C0_0/COREAXI4SRAM_0/genblk1.U_PF_SRAM_AHBL_AXI_C0_COREAXI4SRAM_0_CoreAXI4SRAM_MAINCTRL/genblk2.genblk1.rdata_mc3         |
| 65     | INT_NET | Net   : PF_SRAM_AHBL_AXI_C0_0/COREAXI4SRAM_0/genblk1.U_PF_SRAM_AHBL_AXI_C0_COREAXI4SRAM_0_CoreAXI4SRAM_MAINCTRL/rdata_mc_reg1_sel                 |
|        |         | Driver: PF_SRAM_AHBL_AXI_C0_0/COREAXI4SRAM_0/genblk1.U_PF_SRAM_AHBL_AXI_C0_COREAXI4SRAM_0_CoreAXI4SRAM_MAINCTRL/genblk2.genblk1.rdata_mc_reg1_sel |
| 64     | INT_NET | Net   : PF_SRAM_AHBL_AXI_C0_0/COREAXI4SRAM_0/genblk1.U_PF_SRAM_AHBL_AXI_C0_COREAXI4SRAM_0_CoreAXI4SRAM_MAINCTRL/rdata_mc_reg1_en6                 |
|        |         | Driver: PF_SRAM_AHBL_AXI_C0_0/COREAXI4SRAM_0/genblk1.U_PF_SRAM_AHBL_AXI_C0_COREAXI4SRAM_0_CoreAXI4SRAM_MAINCTRL/genblk2.genblk1.rdata_mc_reg1_en6 |
| 64     | INT_NET | Net   : PF_SRAM_AHBL_AXI_C0_0/COREAXI4SRAM_0/genblk1.U_PF_SRAM_AHBL_AXI_C0_COREAXI4SRAM_0_CoreAXI4SRAM_MAINCTRL/rdata_mc_reg2_en6                 |
|        |         | Driver: PF_SRAM_AHBL_AXI_C0_0/COREAXI4SRAM_0/genblk1.U_PF_SRAM_AHBL_AXI_C0_COREAXI4SRAM_0_CoreAXI4SRAM_MAINCTRL/genblk2.genblk1.rdata_mc_reg2_en6 |
| 63     | INT_NET | Net   : DDR_Read_0/genblk1.DDR_Read_Native_6/DDR_read_controller_0/s_state_Z[1]                                                                   |
|        |         | Driver: DDR_Read_0/genblk1.DDR_Read_Native_6/DDR_read_controller_0/s_state[1]                                                                     |
| 50     | INT_NET | Net   : DDR_Read_0/genblk1.DDR_Read_Native_6/DDR_READ_ASYMM_FIFO_0/empty_r_RNI924H7_Y                                                             |
|        |         | Driver: DDR_Read_0/genblk1.DDR_Read_Native_6/DDR_READ_ASYMM_FIFO_0/genblk16.U_corefifo_async/genblk10.empty_r_RNI924H7                            |
| 43     | INT_NET | Net   : DDR_Read_0/genblk1.DDR_Read_Native_6/DDR_READ_ASYMM_FIFO_0/wrcnt_r_RNIR9KB8_Y[12]                                                         |
|        |         | Driver: DDR_Read_0/genblk1.DDR_Read_Native_6/DDR_READ_ASYMM_FIFO_0/genblk16.U_corefifo_async/genblk10.wrcnt_r_RNIR9KB8[12]                        |
| 27     | INT_NET | Net   : genblk2.un1_ARVALID_slvif_0_a2                                                                                                            |
|        |         | Driver: PF_SRAM_AHBL_AXI_C0_0/COREAXI4SRAM_0/genblk1.U_PF_SRAM_AHBL_AXI_C0_COREAXI4SRAM_0_CoreAXI4SRAM_MAINCTRL/genblk2.un1_ARVALID_slvif_0_a2    |
| 27     | INT_NET | Net   : Display_Controller_C0_0/MSC_i_0/MSC_i_1/MSC_net_64                                                                                        |
|        |         | Driver: Display_Controller_C0_0/MSC_i_0/MSC_i_1/r_RSTN                                                                                            |
+--------+---------+---------------------------------------------------------------------------------------------------------------------------------------------------+

