# Reading pref.tcl
# //  QuestaSim Pro Microchip Edition-64
# //  Version 2024.3 win64 Sep 10 2024
# //
# // Unpublished work. Copyright 2024 Siemens
# //
# // This material contains trade secrets or otherwise confidential information
# // owned by Siemens Industry Software Inc. or its affiliates (collectively,
# // "SISW"), or its licensors. Access to and use of this information is strictly
# // limited as set forth in the Customer's applicable agreements with SISW.
# //
# // This material may not be copied, distributed, or otherwise disclosed outside
# // of the Customer's facilities without the express written permission of SISW,
# // and may not be used in any way not expressly authorized by SISW.
# //
# do run.do
# INFO: Simulation library presynth already exists
# QuestaSim Pro Microchip Edition-64 vmap 2024.3 Lib Mapping Utility 2024.09 Sep 10 2024
# vmap presynth presynth 
# Modifying modelsim.ini
# QuestaSim Pro Microchip Edition-64 vmap 2024.3 Lib Mapping Utility 2024.09 Sep 10 2024
# vmap PolarFire C:/Microchip/Libero_SoC_2025.1/Libero_SoC/Designer/lib/questasim/precompiled/vlog/polarfire 
# Modifying modelsim.ini
# QuestaSim Pro Microchip Edition-64 vlog 2024.3 Compiler 2024.09 Sep 10 2024
# Start time: 00:45:47 on Feb 01,2026
# vlog -reportprogress 300 -sv -work presynth C:/prj/FrameReader/hdl/DebayerGemini.v 
# -- Compiling module axis_bayer_demosaic
# -- Compiling module generic_line_buffer
# 
# Top level modules:
# 	axis_bayer_demosaic
# End time: 00:45:47 on Feb 01,2026, Elapsed time: 0:00:00
# Errors: 0, Warnings: 0
# QuestaSim Pro Microchip Edition-64 vlog 2024.3 Compiler 2024.09 Sep 10 2024
# Start time: 00:45:48 on Feb 01,2026
# vlog -reportprogress 300 "+incdir+C:/prj/FrameReader/hdl" "+incdir+C:/prj/FrameReader/stimulus" -sv -work presynth C:/prj/FrameReader/stimulus/bayertest.v 
# -- Compiling module tb_axis_bayer
# 
# Top level modules:
# 	tb_axis_bayer
# End time: 00:45:48 on Feb 01,2026, Elapsed time: 0:00:00
# Errors: 0, Warnings: 0
# vsim -voptargs="+acc" -L PolarFire -L presynth -t 1ps -displaymsgmode both presynth.tb_axis_bayer 
# Start time: 00:45:48 on Feb 01,2026
# ** Note: (vsim-3813) Design is being optimized due to module recompilation...
# ** Warning: (vopt-10908) Some optimizations are turned off because the +acc switch is in effect.
# ** Note: (vsim-12126) Error and warning message counts have been restored: Errors=0, Warnings=1.
# Loading sv_std.std
# Loading work.tb_axis_bayer(fast)
# Loading work.axis_bayer_demosaic(fast)
# Loading work.generic_line_buffer(fast)
# Simulation Done with Random Backpressure.
# ** Note: $finish    : C:/prj/FrameReader/stimulus/bayertest.v(139)
#    Time: 3937275 ns  Iteration: 1  Instance: /tb_axis_bayer
# 1
# Break in Module tb_axis_bayer at C:/prj/FrameReader/stimulus/bayertest.v line 139
# can't find package ScintillaTk
quit -sim
# End time: 00:59:00 on Feb 01,2026, Elapsed time: 0:13:12
# Errors: 0, Warnings: 1
do run.do
# INFO: Simulation library presynth already exists
# QuestaSim Pro Microchip Edition-64 vmap 2024.3 Lib Mapping Utility 2024.09 Sep 10 2024
# vmap presynth presynth 
# Modifying modelsim.ini
# QuestaSim Pro Microchip Edition-64 vmap 2024.3 Lib Mapping Utility 2024.09 Sep 10 2024
# vmap PolarFire C:/Microchip/Libero_SoC_2025.1/Libero_SoC/Designer/lib/questasim/precompiled/vlog/polarfire 
# Modifying modelsim.ini
# QuestaSim Pro Microchip Edition-64 vlog 2024.3 Compiler 2024.09 Sep 10 2024
# Start time: 00:59:46 on Feb 01,2026
# vlog -reportprogress 300 -sv -work presynth C:/prj/FrameReader/hdl/DebayerGemini.v 
# -- Compiling module axis_bayer_demosaic
# -- Compiling module generic_line_buffer
# 
# Top level modules:
# 	axis_bayer_demosaic
# End time: 00:59:46 on Feb 01,2026, Elapsed time: 0:00:00
# Errors: 0, Warnings: 0
# QuestaSim Pro Microchip Edition-64 vlog 2024.3 Compiler 2024.09 Sep 10 2024
# Start time: 00:59:46 on Feb 01,2026
# vlog -reportprogress 300 "+incdir+C:/prj/FrameReader/hdl" "+incdir+C:/prj/FrameReader/stimulus" -sv -work presynth C:/prj/FrameReader/stimulus/bayertest.v 
# -- Compiling module tb_axis_bayer
# 
# Top level modules:
# 	tb_axis_bayer
# End time: 00:59:46 on Feb 01,2026, Elapsed time: 0:00:00
# Errors: 0, Warnings: 0
# vsim -voptargs="+acc" -L PolarFire -L presynth -t 1ps -displaymsgmode both presynth.tb_axis_bayer 
# Start time: 00:59:46 on Feb 01,2026
# ** Note: (vsim-3813) Design is being optimized due to module recompilation...
# ** Warning: (vopt-10908) Some optimizations are turned off because the +acc switch is in effect.
# ** Note: (vsim-12126) Error and warning message counts have been restored: Errors=0, Warnings=1.
# Loading sv_std.std
# Loading work.tb_axis_bayer(fast)
# Loading work.axis_bayer_demosaic(fast)
# Loading work.generic_line_buffer(fast)
# Simulation Done with Random Backpressure.
# ** Note: $finish    : C:/prj/FrameReader/stimulus/bayertest.v(139)
#    Time: 3937275 ns  Iteration: 1  Instance: /tb_axis_bayer
# 1
# Break in Module tb_axis_bayer at C:/prj/FrameReader/stimulus/bayertest.v line 139
# can't find package ScintillaTk
quit -sim
# End time: 01:06:39 on Feb 01,2026, Elapsed time: 0:06:53
# Errors: 0, Warnings: 1
do run.do
# INFO: Simulation library presynth already exists
# QuestaSim Pro Microchip Edition-64 vmap 2024.3 Lib Mapping Utility 2024.09 Sep 10 2024
# vmap presynth presynth 
# Modifying modelsim.ini
# QuestaSim Pro Microchip Edition-64 vmap 2024.3 Lib Mapping Utility 2024.09 Sep 10 2024
# vmap PolarFire C:/Microchip/Libero_SoC_2025.1/Libero_SoC/Designer/lib/questasim/precompiled/vlog/polarfire 
# Modifying modelsim.ini
# QuestaSim Pro Microchip Edition-64 vlog 2024.3 Compiler 2024.09 Sep 10 2024
# Start time: 01:06:43 on Feb 01,2026
# vlog -reportprogress 300 -sv -work presynth C:/prj/FrameReader/hdl/DebayerGemini.v 
# -- Compiling module axis_bayer_demosaic
# -- Compiling module generic_line_buffer
# 
# Top level modules:
# 	axis_bayer_demosaic
# End time: 01:06:43 on Feb 01,2026, Elapsed time: 0:00:00
# Errors: 0, Warnings: 0
# QuestaSim Pro Microchip Edition-64 vlog 2024.3 Compiler 2024.09 Sep 10 2024
# Start time: 01:06:44 on Feb 01,2026
# vlog -reportprogress 300 "+incdir+C:/prj/FrameReader/hdl" "+incdir+C:/prj/FrameReader/stimulus" -sv -work presynth C:/prj/FrameReader/stimulus/bayertest.v 
# -- Compiling module tb_axis_bayer
# 
# Top level modules:
# 	tb_axis_bayer
# End time: 01:06:44 on Feb 01,2026, Elapsed time: 0:00:00
# Errors: 0, Warnings: 0
# vsim -voptargs="+acc" -L PolarFire -L presynth -t 1ps -displaymsgmode both presynth.tb_axis_bayer 
# Start time: 01:06:44 on Feb 01,2026
# ** Note: (vsim-3813) Design is being optimized due to module recompilation...
# ** Warning: (vopt-10908) Some optimizations are turned off because the +acc switch is in effect.
# ** Note: (vsim-12126) Error and warning message counts have been restored: Errors=0, Warnings=1.
# Loading sv_std.std
# Loading work.tb_axis_bayer(fast)
# Loading work.axis_bayer_demosaic(fast)
# Loading work.generic_line_buffer(fast)
# Simulation Done with Random Backpressure.
# ** Note: $finish    : C:/prj/FrameReader/stimulus/bayertest.v(139)
#    Time: 3937275 ns  Iteration: 1  Instance: /tb_axis_bayer
# 1
# Break in Module tb_axis_bayer at C:/prj/FrameReader/stimulus/bayertest.v line 139
# can't find package ScintillaTk
quit - sim
# unknown switch: - sim
quit -sim
# End time: 01:16:43 on Feb 01,2026, Elapsed time: 0:09:59
# Errors: 0, Warnings: 1
do run.do
# INFO: Simulation library presynth already exists
# QuestaSim Pro Microchip Edition-64 vmap 2024.3 Lib Mapping Utility 2024.09 Sep 10 2024
# vmap presynth presynth 
# Modifying modelsim.ini
# QuestaSim Pro Microchip Edition-64 vmap 2024.3 Lib Mapping Utility 2024.09 Sep 10 2024
# vmap PolarFire C:/Microchip/Libero_SoC_2025.1/Libero_SoC/Designer/lib/questasim/precompiled/vlog/polarfire 
# Modifying modelsim.ini
# QuestaSim Pro Microchip Edition-64 vlog 2024.3 Compiler 2024.09 Sep 10 2024
# Start time: 01:16:47 on Feb 01,2026
# vlog -reportprogress 300 -sv -work presynth C:/prj/FrameReader/hdl/DebayerGemini.v 
# -- Compiling module axis_bayer_demosaic
# -- Compiling module generic_line_buffer
# 
# Top level modules:
# 	axis_bayer_demosaic
# End time: 01:16:47 on Feb 01,2026, Elapsed time: 0:00:00
# Errors: 0, Warnings: 0
# QuestaSim Pro Microchip Edition-64 vlog 2024.3 Compiler 2024.09 Sep 10 2024
# Start time: 01:16:47 on Feb 01,2026
# vlog -reportprogress 300 "+incdir+C:/prj/FrameReader/hdl" "+incdir+C:/prj/FrameReader/stimulus" -sv -work presynth C:/prj/FrameReader/stimulus/bayertest.v 
# -- Compiling module tb_axis_bayer
# 
# Top level modules:
# 	tb_axis_bayer
# End time: 01:16:47 on Feb 01,2026, Elapsed time: 0:00:00
# Errors: 0, Warnings: 0
# vsim -voptargs="+acc" -L PolarFire -L presynth -t 1ps -displaymsgmode both presynth.tb_axis_bayer 
# Start time: 01:16:47 on Feb 01,2026
# ** Note: (vsim-8009) Loading existing optimized design _opt2
# Loading sv_std.std
# Loading work.tb_axis_bayer(fast)
# Loading work.axis_bayer_demosaic(fast)
# Loading work.generic_line_buffer(fast)
# Simulation Done with Random Backpressure.
# ** Note: $finish    : C:/prj/FrameReader/stimulus/bayertest.v(139)
#    Time: 3937275 ns  Iteration: 1  Instance: /tb_axis_bayer
# 1
# Break in Module tb_axis_bayer at C:/prj/FrameReader/stimulus/bayertest.v line 139
# can't find package ScintillaTk
# End time: 01:39:23 on Feb 01,2026, Elapsed time: 0:22:36
# Errors: 0, Warnings: 0
